videotest: font gfxmenu video
odc: archelp
loopback: extcmd
macho:
gcry_des: crypto
memrw: extcmd
terminfo: extcmd
f2fs: fshelp
part_gpt:
romfs: fshelp
read: extcmd
aout:
gcry_arcfour: crypto
vga_text:
tftp: net
newc: archelp
minix2_be:
afsplitter: crypto
elf:
videotest_checksum: font functional_test video_fb
password_pbkdf2: crypto gcry_sha512 normal pbkdf2
gcry_seed: crypto
pcidump: extcmd pci
bsd: aout boot cpuid crypto elf extcmd gcry_md5 mmap relocator serial vbe video
sfs: fshelp
reiserfs: fshelp
part_sunpc:
zstd:
gfxmenu: bitmap bitmap_scale font gfxterm normal trig video video_colors
backtrace:
jfs:
help: extcmd normal
configfile: normal
cbls: cbtable
gfxterm_menu: font functional_test normal procfs video_fb
gcry_idea: crypto
tr: extcmd
shift_test: functional_test
boottime:
ohci: boot cs5536 pci usb
afs: fshelp
spkmodem: terminfo
usb_keyboard: keylayouts usb
xzio: crypto
syslinuxcfg: extcmd normal
search_fs_file:
wrmsr:
vga: video video_fb
usbms: scsi usb
test_blockarg: extcmd normal
true:
affs: fshelp
iso9660: fshelp
exfat: fshelp
smbios: acpi extcmd
setjmp_test: functional_test setjmp
gfxterm: font video
disk:
xfs: fshelp
testspeed: extcmd normal
cpio_be: archelp
functional_test: btrfs extcmd video video_fb
pxechain: boot pxe relocator video
bswap_test: functional_test
sleep: extcmd normal
memdisk:
gcry_rijndael: crypto
mdraid09_be: diskfilter
gettext:
gcry_sha1: crypto
hfspluscomp: gzio hfsplus
cmp: extcmd
random: acpi hexdump
offsetio:
file: elf extcmd macho offsetio
usbserial_usbdebug: serial usb usbserial_common
video_colors:
morse:
hashsum: crypto extcmd normal
usb: pci
halt: acpi extcmd
gdb: backtrace serial
gfxterm_background: bitmap bitmap_scale extcmd gfxterm video video_colors
search_fs_uuid:
gcry_dsa: mpi pgp
keystatus: extcmd
linux: boot mmap normal relocator vbe video
geli: crypto cryptodisk gcry_sha256 gcry_sha512 pbkdf2
cmdline_cat_test: font functional_test normal procfs video_fb
rdmsr: extcmd
part_sun:
cbtable:
plan9: boot extcmd relocator video
sendkey: boot extcmd
pbkdf2_test: functional_test gcry_sha1 pbkdf2
video_bochs: pci video video_fb
bufio:
usbserial_ftdi: serial usb usbserial_common
legacy_password_test: functional_test legacycfg
cpuid: extcmd
hdparm: extcmd hexdump
bfs: fshelp
gcry_blowfish: crypto
test:
nilfs2: fshelp
gcry_rsa: mpi pgp
cryptodisk: crypto extcmd procfs
nativedisk:
minicmd:
signature_test: functional_test procfs
ata: scsi
udf: fshelp
gzio: gcry_crc
xnu_uuid: gcry_md5
uhci: pci usb
pata: ata pci
mul_test: functional_test
adler32: crypto
terminal:
div:
ehci: boot cs5536 pci usb
crypto:
part_bsd: part_msdos
luks2: afsplitter crypto cryptodisk json pbkdf2
cs5536: pci
biosdisk:
lsapm:
gcry_sha512: crypto
password: crypto normal
efiemu: acpi cpuid crypto gcry_crc smbios
fshelp:
sleep_test: datetime functional_test
iorw: extcmd
bli: part_gpt
xnu: bitmap bitmap_scale boot efiemu extcmd macho mmap random relocator video
mmap: boot
exfctest: functional_test
zfsinfo: zfs
ldm: diskfilter part_gpt part_msdos
cmostest:
eval: normal
part_dvh:
ext2: fshelp
blocklist:
net: boot bufio datetime priority_queue
drivemap: boot extcmd mmap
part_acorn:
videoinfo: video
cacheinfo:
btrfs: gzio lzopio raid6rec zstd
lsmmap:
strtoull_test: functional_test
bitmap:
vbe: video video_fb
ntfs: fshelp
multiboot: boot elf linux lsapm mmap net relocator vbe video
gcry_crc: crypto
png: bitmap bufio
json:
jpeg: bitmap bufio
macbless: disk
div_test: div functional_test
regexp: extcmd normal
parttool: normal
usbserial_pl2303: serial usb usbserial_common
cpio: archelp
gcry_rmd160: crypto
fat: fshelp
ufs1_be:
truecrypt: boot gzio mmap relocator video
archelp:
ntldr: boot chain relocator video
http: net
zfs: gzio
raid6rec: diskfilter
minix2:
mda_text:
lsacpi: acpi extcmd
datehook: datetime
loadenv: disk extcmd
bitmap_scale: bitmap
probe: extcmd
minix3:
tar: archelp
hfs: fshelp
procfs: archelp
boot:
keylayouts:
progress: normal
kernel:
usbtest: usb
relocator: mmap
acpi: extcmd mmap
tga: bitmap bufio
reboot: relocator
serial: acpi extcmd pci terminfo
zfscrypt: crypto extcmd gcry_rijndael gcry_sha1 pbkdf2 zfs
dm_nv: diskfilter
cmp_test: functional_test
luks: afsplitter crypto cryptodisk pbkdf2
font: bufio video
raid5rec: diskfilter
crc64: crypto
datetime:
ctz_test: functional_test
video:
pci:
cbmemc: cbtable normal terminfo
cmosdump:
hfsplus: fshelp
gcry_cast5: crypto
extcmd:
squash4: fshelp gzio lzopio xzio
part_plan:
minix_be:
gcry_whirlpool: crypto
pxe: boot net
gcry_tiger: crypto
search: extcmd search_fs_file search_fs_uuid search_label
lspci: extcmd pci
cbtime: cbtable
video_fb:
minix3_be:
trig:
msdospart: disk parttool
priority_queue:
gcry_twofish: crypto
plainmount: crypto cryptodisk extcmd
part_dfly:
xnu_uuid_test: functional_test
diskfilter:
testload:
part_apple:
hexdump: extcmd
date: datetime
pbkdf2: crypto
gcry_sha256: crypto
ls: datetime extcmd normal
usbserial_common: serial usb
ntfscomp: ntfs
lzopio: crypto
video_cirrus: pci video video_fb
hello: extcmd
scsi:
linux16: boot linux mmap relocator video
cat: extcmd
ahci: ata boot pci
pgp: crypto extcmd gcry_sha1 mpi
normal: boot bufio crypto datetime extcmd gettext net terminal
ufs1:
mdraid09: diskfilter
lvm: diskfilter
cbfs: archelp
chain: boot relocator video
ufs2:
time:
setpci: extcmd pci
gptsync: disk
freedos: boot chain relocator video
search_label:
setjmp:
multiboot2: acpi boot elf linux lsapm mmap net relocator vbe video
gcry_rfc2268: crypto
mdraid1x: diskfilter
mpi: crypto
legacycfg: crypto gcry_md5 linux normal password
play:
part_amiga:
minix:
echo: extcmd
gcry_serpent: crypto
gcry_md4: crypto
gcry_md5: crypto
part_msdos:
gcry_camellia: crypto
at_keyboard: boot keylayouts
all_video: vbe vga video_bochs video_cirrus
